###############################################################################
#
# IAR ELF Linker V7.30.4.8167/W32 for ARM                 04/Jan/2016  19:14:47
# Copyright 2007-2014 IAR Systems AB.
#
#    Output file  =  
#        E:\jansion\project\Bluno M3 bootloader\IAR_Pro\Debug\Exe\Bluno M3
#        bootloader.out
#    Map file     =  
#        E:\jansion\project\Bluno M3 bootloader\IAR_Pro\Debug\List\Bluno M3
#        bootloader.map
#    Command line =  
#        "E:\jansion\project\Bluno M3 bootloader\IAR_Pro\Debug\Obj\core_cm3.o"
#        "E:\jansion\project\Bluno M3 bootloader\IAR_Pro\Debug\Obj\main.o"
#        "E:\jansion\project\Bluno M3 bootloader\IAR_Pro\Debug\Obj\misc.o"
#        "E:\jansion\project\Bluno M3
#        bootloader\IAR_Pro\Debug\Obj\startup_stm32f10x_hd.o"
#        "E:\jansion\project\Bluno M3
#        bootloader\IAR_Pro\Debug\Obj\stm32f10x_flash.o"
#        "E:\jansion\project\Bluno M3
#        bootloader\IAR_Pro\Debug\Obj\stm32f10x_gpio.o"
#        "E:\jansion\project\Bluno M3
#        bootloader\IAR_Pro\Debug\Obj\stm32f10x_it.o" "E:\jansion\project\Bluno
#        M3 bootloader\IAR_Pro\Debug\Obj\stm32f10x_rcc.o"
#        "E:\jansion\project\Bluno M3
#        bootloader\IAR_Pro\Debug\Obj\stm32f10x_tim.o"
#        "E:\jansion\project\Bluno M3
#        bootloader\IAR_Pro\Debug\Obj\stm32f10x_usart.o"
#        "E:\jansion\project\Bluno M3
#        bootloader\IAR_Pro\Debug\Obj\system_stm32f10x.o" -o
#        "E:\jansion\project\Bluno M3 bootloader\IAR_Pro\Debug\Exe\Bluno M3
#        bootloader.out" --map "E:\jansion\project\Bluno M3
#        bootloader\IAR_Pro\Debug\List\Bluno M3 bootloader.map" --log libraries
#        --log_file "E:\jansion\project\Bluno M3
#        bootloader\IAR_Pro\Debug\List\Bluno M3 bootloader.log" --config
#        "E:\jansion\project\Bluno M3 bootloader\IAR_Pro\Bluno M3
#        bootloader.icf" --semihosting --entry __iar_program_start --vfe
#
###############################################################################

*******************************************************************************
*** RUNTIME MODEL ATTRIBUTES
***

CppFlavor       = *
__SystemLibrary = DLib


*******************************************************************************
*** PLACEMENT SUMMARY
***

"A1":  place at 0x08000000 { ro section .intvec };
"P1":  place in [from 0x08000000 to 0x08004fff] { ro };
"P2":  place in [from 0x20000000 to 0x2000ffff] { rw, block CSTACK, block HEAP };

  Section            Kind        Address    Size  Object
  -------            ----        -------    ----  ------
"A1":                                      0x130
  .intvec            ro code  0x08000000   0x130  startup_stm32f10x_hd.o [1]
                            - 0x08000130   0x130

"P1":                                      0xd80
  .text              ro code  0x08000130   0x760  main.o [1]
  .text              ro code  0x08000890    0x9c  stm32f10x_usart.o [1]
  .text              ro code  0x0800092c   0x142  stm32f10x_flash.o [1]
  .text              ro code  0x08000a6e    0x2e  copy_init3.o [4]
  .text              ro code  0x08000a9c    0x76  ABImemcpy_unaligned.o [4]
  .text              ro code  0x08000b12    0x22  zero_init3.o [4]
  .text              ro code  0x08000b34    0x62  memcmp_unaligned.o [4]
  .text              ro code  0x08000b98    0x66  ABImemset.o [4]
  .text              ro code  0x08000c00    0xb0  stm32f10x_it.o [1]
  .text              ro code  0x08000cb0    0x3a  stm32f10x_tim.o [1]
  .text              ro code  0x08000cec    0x28  data_init.o [4]
  .iar.init_table    const    0x08000d14    0x24  - Linker created -
  .text              ro code  0x08000d38    0x20  system_stm32f10x.o [1]
  .text              ro code  0x08000d58    0x1a  cmain.o [4]
  .text              ro code  0x08000d72     0x4  low_level_init.o [3]
  .text              ro code  0x08000d76     0x4  exit.o [3]
  .text              ro code  0x08000d7c     0xa  cexit.o [4]
  .text              ro code  0x08000d88    0x14  exit.o [5]
  .text              ro code  0x08000d9c    0x10  startup_stm32f10x_hd.o [1]
  .text              ro code  0x08000dac     0xc  cstartup_M.o [4]
  .rodata            const    0x08000db8     0x8  main.o [1]
  .text              ro code  0x08000dc0     0x4  startup_stm32f10x_hd.o [1]
  .text              ro code  0x08000dc4     0x4  startup_stm32f10x_hd.o [1]
  .text              ro code  0x08000dc8     0x4  startup_stm32f10x_hd.o [1]
  .text              ro code  0x08000dcc     0x4  startup_stm32f10x_hd.o [1]
  .text              ro code  0x08000dd0     0x4  startup_stm32f10x_hd.o [1]
  .text              ro code  0x08000dd4     0x4  startup_stm32f10x_hd.o [1]
  .text              ro code  0x08000dd8     0x4  startup_stm32f10x_hd.o [1]
  .text              ro code  0x08000ddc     0x4  startup_stm32f10x_hd.o [1]
  .text              ro code  0x08000de0     0x4  startup_stm32f10x_hd.o [1]
  .text              ro code  0x08000de4     0x4  startup_stm32f10x_hd.o [1]
  .text              ro code  0x08000de8     0x4  startup_stm32f10x_hd.o [1]
  .text              ro code  0x08000dec     0x4  startup_stm32f10x_hd.o [1]
  .text              ro code  0x08000df0     0x4  startup_stm32f10x_hd.o [1]
  .text              ro code  0x08000df4     0x4  startup_stm32f10x_hd.o [1]
  .text              ro code  0x08000df8     0x4  startup_stm32f10x_hd.o [1]
  .text              ro code  0x08000dfc     0x4  startup_stm32f10x_hd.o [1]
  .text              ro code  0x08000e00     0x4  startup_stm32f10x_hd.o [1]
  .text              ro code  0x08000e04     0x4  startup_stm32f10x_hd.o [1]
  .text              ro code  0x08000e08     0x4  startup_stm32f10x_hd.o [1]
  .text              ro code  0x08000e0c     0x4  startup_stm32f10x_hd.o [1]
  .text              ro code  0x08000e10     0x4  startup_stm32f10x_hd.o [1]
  .text              ro code  0x08000e14     0x4  startup_stm32f10x_hd.o [1]
  .text              ro code  0x08000e18     0x4  startup_stm32f10x_hd.o [1]
  .text              ro code  0x08000e1c     0x4  startup_stm32f10x_hd.o [1]
  .text              ro code  0x08000e20     0x4  startup_stm32f10x_hd.o [1]
  .text              ro code  0x08000e24     0x4  startup_stm32f10x_hd.o [1]
  .text              ro code  0x08000e28     0x4  startup_stm32f10x_hd.o [1]
  .text              ro code  0x08000e2c     0x4  startup_stm32f10x_hd.o [1]
  .text              ro code  0x08000e30     0x4  startup_stm32f10x_hd.o [1]
  .text              ro code  0x08000e34     0x4  startup_stm32f10x_hd.o [1]
  .text              ro code  0x08000e38     0x4  startup_stm32f10x_hd.o [1]
  .text              ro code  0x08000e3c     0x4  startup_stm32f10x_hd.o [1]
  .text              ro code  0x08000e40     0x4  startup_stm32f10x_hd.o [1]
  .text              ro code  0x08000e44     0x4  startup_stm32f10x_hd.o [1]
  .text              ro code  0x08000e48     0x4  startup_stm32f10x_hd.o [1]
  .text              ro code  0x08000e4c     0x4  startup_stm32f10x_hd.o [1]
  .text              ro code  0x08000e50     0x4  startup_stm32f10x_hd.o [1]
  .text              ro code  0x08000e54     0x4  startup_stm32f10x_hd.o [1]
  .text              ro code  0x08000e58     0x4  startup_stm32f10x_hd.o [1]
  .text              ro code  0x08000e5c     0x4  startup_stm32f10x_hd.o [1]
  .text              ro code  0x08000e60     0x4  startup_stm32f10x_hd.o [1]
  .text              ro code  0x08000e64     0x4  startup_stm32f10x_hd.o [1]
  .text              ro code  0x08000e68     0x4  startup_stm32f10x_hd.o [1]
  .text              ro code  0x08000e6c     0x4  startup_stm32f10x_hd.o [1]
  .text              ro code  0x08000e70     0x4  startup_stm32f10x_hd.o [1]
  .text              ro code  0x08000e74     0x4  startup_stm32f10x_hd.o [1]
  .text              ro code  0x08000e78     0x4  startup_stm32f10x_hd.o [1]
  .text              ro code  0x08000e7c     0x4  startup_stm32f10x_hd.o [1]
  .text              ro code  0x08000e80     0x4  startup_stm32f10x_hd.o [1]
  .text              ro code  0x08000e84     0x4  startup_stm32f10x_hd.o [1]
  .text              ro code  0x08000e88     0x4  startup_stm32f10x_hd.o [1]
  .text              ro code  0x08000e8c     0x4  startup_stm32f10x_hd.o [1]
  .text              ro code  0x08000e90     0x4  startup_stm32f10x_hd.o [1]
  .text              ro code  0x08000e94     0x4  startup_stm32f10x_hd.o [1]
  .text              ro code  0x08000e98     0x4  startup_stm32f10x_hd.o [1]
  .text              ro code  0x08000e9c     0x4  startup_stm32f10x_hd.o [1]
  .text              ro code  0x08000ea0     0x4  startup_stm32f10x_hd.o [1]
  .text              ro code  0x08000ea4     0x4  startup_stm32f10x_hd.o [1]
  .rodata            const    0x08000ea8     0x0  zero_init3.o [4]
  .rodata            const    0x08000ea8     0x0  copy_init3.o [4]
  Initializer bytes  const    0x08000ea8     0x8  <for P2 s0>
                            - 0x08000eb0   0xd80

"P2":                                     0x1278
  P2 s0                       0x20000000     0x8  <Init block>
    .data            inited   0x20000000     0x4  main.o [1]
    .data            inited   0x20000004     0x4  main.o [1]
  .bss               zero     0x20000008   0x12c  main.o [1]
  .bss               zero     0x20000134   0x120  main.o [1]
  .bss               zero     0x20000254     0x4  main.o [1]
  .bss               zero     0x20000258     0x4  main.o [1]
  .bss               zero     0x2000025c     0x4  main.o [1]
  .bss               zero     0x20000260     0x4  main.o [1]
  .bss               zero     0x20000264     0x4  main.o [1]
  .bss               zero     0x20000268     0x4  main.o [1]
  .bss               zero     0x2000026c     0x4  main.o [1]
  .bss               zero     0x20000270     0x4  main.o [1]
  .bss               zero     0x20000274     0x1  main.o [1]
  .bss               zero     0x20000275     0x1  main.o [1]
  .bss               zero     0x20000276     0x1  main.o [1]
  .bss               zero     0x20000277     0x1  stm32f10x_it.o [1]
  CSTACK                      0x20000278  0x1000  <Block>
    CSTACK           uninit   0x20000278  0x1000  <Block tail>
                            - 0x20001278  0x1278


*******************************************************************************
*** INIT TABLE
***

          Address     Size
          -------     ----
Zero (__iar_zero_init3)
    1 destination range, total size 0x270:
          0x20000008  0x270

Copy (__iar_copy_init3)
    1 source range, total size 0x8:
          0x08000ea8    0x8
    1 destination range, total size 0x8:
          0x20000000    0x8



*******************************************************************************
*** MODULE SUMMARY
***

    Module                  ro code  ro data  rw data
    ------                  -------  -------  -------
E:\jansion\project\Bluno M3 bootloader\IAR_Pro\Debug\Obj: [1]
    main.o                    1 888       16      631
    startup_stm32f10x_hd.o      552
    stm32f10x_flash.o           322
    stm32f10x_it.o              176                 1
    stm32f10x_tim.o              58
    stm32f10x_usart.o           156
    system_stm32f10x.o           32
    -------------------------------------------------
    Total:                    3 184       16      632

command line: [2]
    -------------------------------------------------
    Total:

dl7M_tln.a: [3]
    exit.o                        4
    low_level_init.o              4
    -------------------------------------------------
    Total:                        8

rt7M_tl.a: [4]
    ABImemcpy_unaligned.o       118
    ABImemset.o                 102
    cexit.o                      10
    cmain.o                      26
    copy_init3.o                 46
    cstartup_M.o                 12
    data_init.o                  40
    memcmp_unaligned.o           98
    zero_init3.o                 34
    -------------------------------------------------
    Total:                      486

shb_l.a: [5]
    exit.o                       20
    -------------------------------------------------
    Total:                       20

    Gaps                         10
    Linker created                        36    4 096
-----------------------------------------------------
    Grand Total:              3 708       52    4 728


*******************************************************************************
*** ENTRY LIST
***

Entry                      Address   Size  Type      Object
-----                      -------   ----  ----      ------
.iar.init_table$$Base   0x08000d14          --   Gb  - Linker created -
.iar.init_table$$Limit  0x08000d38          --   Gb  - Linker created -
?main                   0x08000d59         Code  Gb  cmain.o [4]
BusFault_Handler        0x08000c07    0x2  Code  Gb  stm32f10x_it.o [1]
CSTACK$$Base            0x20000278          --   Gb  - Linker created -
CSTACK$$Limit           0x20001278          --   Gb  - Linker created -
DebugMon_Handler        0x08000c0d    0x2  Code  Gb  stm32f10x_it.o [1]
FLASH_ClearFlag         0x080009ed    0x6  Code  Gb  stm32f10x_flash.o [1]
FLASH_ErasePage         0x08000943   0x5e  Code  Gb  stm32f10x_flash.o [1]
FLASH_GetBank1Status    0x080009f3   0x34  Code  Gb  stm32f10x_flash.o [1]
FLASH_ProgramHalfWord   0x080009a1   0x4c  Code  Gb  stm32f10x_flash.o [1]
FLASH_Unlock            0x0800092d   0x16  Code  Gb  stm32f10x_flash.o [1]
FLASH_WaitForLastOperation
                        0x08000a41   0x2e  Code  Gb  stm32f10x_flash.o [1]
HardFault_Handler       0x08000c03    0x2  Code  Gb  stm32f10x_it.o [1]
ISusartDataDomming      0x20000270    0x4  Data  Gb  main.o [1]
MemManage_Handler       0x08000c05    0x2  Code  Gb  stm32f10x_it.o [1]
NMI_Handler             0x08000c01    0x2  Code  Gb  stm32f10x_it.o [1]
PendSV_Handler          0x08000c0f    0x2  Code  Gb  stm32f10x_it.o [1]
Region$$Table$$Base     0x08000d14          --   Gb  - Linker created -
Region$$Table$$Limit    0x08000d38          --   Gb  - Linker created -
SVC_Handler             0x08000c0b    0x2  Code  Gb  stm32f10x_it.o [1]
SysTick_Handler         0x08000c11    0x2  Code  Gb  stm32f10x_it.o [1]
SystemInit              0x08000d39   0x16  Code  Gb  system_stm32f10x.o [1]
TIM2_IRQHandler         0x08000c13   0x26  Code  Gb  stm32f10x_it.o [1]
TIM2_TimingMillis       0x2000026c    0x4  Data  Gb  main.o [1]
TIM_ClearITPendingBit   0x08000ce3    0x8  Code  Gb  stm32f10x_tim.o [1]
TIM_GetITStatus         0x08000cb1   0x32  Code  Gb  stm32f10x_tim.o [1]
USART1_IRQHandler       0x08000c39   0x5e  Code  Gb  stm32f10x_it.o [1]
USART_GetFlagStatus     0x080008a1   0x1e  Code  Gb  stm32f10x_usart.o [1]
USART_GetITStatus       0x080008bf   0x6e  Code  Gb  stm32f10x_usart.o [1]
USART_ReceiveData       0x08000899    0x8  Code  Gb  stm32f10x_usart.o [1]
USART_SendData          0x08000891    0x8  Code  Gb  stm32f10x_usart.o [1]
USB_Write               0x08000131   0x2e  Code  Gb  main.o [1]
UsageFault_Handler      0x08000c09    0x2  Code  Gb  stm32f10x_it.o [1]
VCOM_TransferData       0x080002db  0x420  Code  Gb  main.o [1]
WriteBuffer             0x08000221   0xa6  Code  Lc  main.o [1]
WritePage               0x080002c7   0x14  Code  Gb  main.o [1]
__aeabi_memset          0x08000b99         Code  Gb  ABImemset.o [4]
__cmain                 0x08000d59         Code  Gb  cmain.o [4]
__exit                  0x08000d89   0x14  Code  Gb  exit.o [5]
__iar_Memset            0x08000b99         Code  Gb  ABImemset.o [4]
__iar_Memset_word       0x08000ba1         Code  Gb  ABImemset.o [4]
__iar_copy_init3        0x08000a6f   0x2e  Code  Gb  copy_init3.o [4]
__iar_data_init3        0x08000ced   0x28  Code  Gb  data_init.o [4]
__iar_program_start     0x08000dad         Code  Gb  cstartup_M.o [4]
__iar_unaligned___aeabi_memcpy
                        0x08000a9d         Code  Gb  ABImemcpy_unaligned.o [4]
__iar_unaligned___aeabi_memcpy4
                        0x08000abd         Code  Gb  ABImemcpy_unaligned.o [4]
__iar_unaligned___aeabi_memcpy8
                        0x08000abd         Code  Gb  ABImemcpy_unaligned.o [4]
__iar_unaligned_memcmp  0x08000b35         Code  Gb  memcmp_unaligned.o [4]
__iar_zero_init3        0x08000b13   0x22  Code  Gb  zero_init3.o [4]
__low_level_init        0x08000d73    0x4  Code  Gb  low_level_init.o [3]
__vector_table          0x08000000         Data  Gb  startup_stm32f10x_hd.o [1]
_call_main              0x08000d65         Code  Gb  cmain.o [4]
_exit                   0x08000d7d         Code  Gb  cexit.o [4]
_main                   0x08000d6f         Code  Gb  cmain.o [4]
address                 0x2000025c    0x4  Data  Gb  main.o [1]
eraseAddress            0x20000260    0x4  Data  Gb  main.o [1]
exit                    0x08000d77    0x4  Code  Gb  exit.o [3]
gRxBuf                  0x20000008  0x12c  Data  Gb  main.o [1]
getPacket               0x0800015f   0xc2  Code  Gb  main.o [1]
gpu8RxBuf               0x20000000    0x4  Data  Gb  main.o [1]
gu32RxSize              0x20000254    0x4  Data  Gb  main.o [1]
isLeave                 0x20000276    0x1  Data  Gb  main.o [1]
main                    0x080006fb   0x72  Code  Gb  main.o [1]
msgBuffer               0x20000134  0x120  Data  Gb  main.o [1]
msgLength               0x20000264    0x4  Data  Gb  main.o [1]
msgParseState           0x20000274    0x1  Data  Gb  main.o [1]
seqNum                  0x20000275    0x1  Data  Gb  main.o [1]
signOnCounter           0x20000268    0x4  Data  Gb  main.o [1]
upload                  0x20000258    0x4  Data  Gb  main.o [1]
usart1Init              0x0800076d   0xb0  Code  Gb  main.o [1]


[1] = E:\jansion\project\Bluno M3 bootloader\IAR_Pro\Debug\Obj
[2] = command line
[3] = dl7M_tln.a
[4] = rt7M_tl.a
[5] = shb_l.a

  3 708 bytes of readonly  code memory
     52 bytes of readonly  data memory
  4 728 bytes of readwrite data memory

Errors: none
Warnings: none
